ep.h:1:20:GetPage	24	static
ep.h:13:10:Flash_Write_Data	48	static
ep.h:62:6:Flash_Read_Data	24	static
LCD16X2.h:11:6:send_to_lcd	16	static
LCD16X2.h:31:6:lcd_send_cmd	24	static
LCD16X2.h:44:6:lcd_send_data	24	static
LCD16X2.h:57:6:lcd_clear	8	static
LCD16X2.h:63:6:lcd_put_cur	16	static
LCD16X2.h:84:6:lcd_init	8	static
LCD16X2.h:121:6:lcd_send_string	16	static
ftoa.h:13:6:reverse	32	static
ftoa.h:29:5:intToStr	32	static
ftoa.h:48:6:ftoa	48	static
main.c:80:6:msdelay	24	static
main.c:86:6:key_check	16	static
main.c:151:5:main	16	static
main.c:263:6:HAL_ADC_ConvCpltCallback	16	static
main.c:273:6:SystemClock_Config	88	static
main.c:316:13:MX_ADC1_Init	24	static
main.c:369:13:MX_GPIO_Init	40	static
main.c:414:6:Error_Handler	4	static,ignoring_inline_asm
